    1  10:13:29.4294643617 IP [total length 33008 > length 240] (invalid) (tos 0x0, ttl 254, id 59168, offset 0, flags [DF], proto ICMP (1), length 33008, bad cksum 7ade (->464)!)
    0.128.255.255 > 12.4.4.4: ICMP time exceeded in-transit, length 32988
	IP (tos 0x0, ttl 1, id 42321, offset 0, flags [none], proto UDP (17), length 40, bad cksum f76a (->db81)!)
    8.15.4.4.42315 > 12.223.32.1.33440: UDP, length 12
	ICMP Multi-Part extension v2
	  Interface Identification Object (2), Class-Type: 2, length 8016
		 This object describes the IP interface upon which a datagram arrived
		 Interface Name [length 0] (invalid) [|icmp]
